[0m16:44:55.295799 [debug] [MainThread]: Sending event: {'category': 'dbt', 'action': 'invocation', 'label': 'start', 'context': [<snowplow_tracker.self_describing_json.SelfDescribingJson object at 0x000002A7D6852900>, <snowplow_tracker.self_describing_json.SelfDescribingJson object at 0x000002A7D902FED0>, <snowplow_tracker.self_describing_json.SelfDescribingJson object at 0x000002A7D902FB10>]}


============================== 16:44:55.309635 | 1050a460-6b98-4f5f-b019-387824f29085 ==============================
[0m16:44:55.309635 [info ] [MainThread]: Running with dbt=1.12.4
[0m16:44:55.310590 [debug] [MainThread]: running dbt with arguments {'version_check': 'True', 'no_print': 'None', 'maximum_seed_size_mib': '1', 'target_path': 'None', 'warn_error_options': 'WarnErrorOptionsV2(error=[], warn=[], silence=[])', 'static_parser': 'True', 'printer_width': '80', 'write_json': 'True', 'empty': 'None', 'log_cache_events': 'False', 'introspect': 'True', 'cache_selected_only': 'False', 'log_format': 'default', 'debug': 'False', 'fail_fast': 'False', 'profiles_dir': 'C:\\Users\\lolo2\\.dbt', 'send_anonymous_usage_stats': 'True', 'quiet': 'False', 'warn_error': 'None', 'partial_parse': 'True', 'indirect_selection': 'eager', 'hints_enabled': 'True', 'use_colors': 'True', 'use_experimental_parser': 'False', 'invocation_command': 'dbt init projet_alpha', 'log_path': 'logs'}
[0m16:44:55.432311 [debug] [MainThread]: Starter project path: C:\Users\lolo2\datarcane\venv\Lib\site-packages\dbt\include\starter_project
[0m16:44:55.492103 [info ] [MainThread]: Setting up your profile.
[0m16:45:03.221461 [info ] [MainThread]: Running dbt debug to validate the project...
[0m16:45:03.222386 [info ] [MainThread]: dbt version: 1.12.4
[0m16:45:03.222809 [info ] [MainThread]: python version: 3.13.1
[0m16:45:03.223186 [info ] [MainThread]: python path: C:\Users\lolo2\datarcane\venv\Scripts\python.exe
[0m16:45:03.223567 [info ] [MainThread]: os info: Windows-11-10.0.26200-SP0
[0m16:45:03.284790 [info ] [MainThread]: Using profiles dir at C:\Users\lolo2\.dbt
[0m16:45:03.285375 [info ] [MainThread]: Using profiles.yml file at C:\Users\lolo2\.dbt\profiles.yml
[0m16:45:03.285735 [info ] [MainThread]: Using dbt_project.yml file at C:\Users\lolo2\datarcane\projet_alpha\dbt_project.yml
[0m16:45:03.288387 [info ] [MainThread]: adapter type: duckdb
[0m16:45:03.288857 [info ] [MainThread]: adapter version: 1.11.0
[0m16:45:03.396972 [info ] [MainThread]: Configuration:
[0m16:45:03.397509 [info ] [MainThread]:   profiles.yml file [[32mOK found and valid[0m]
[0m16:45:03.397898 [info ] [MainThread]:   dbt_project.yml file [[32mOK found and valid[0m]
[0m16:45:03.398224 [info ] [MainThread]: Required dependencies:
[0m16:45:03.398552 [debug] [MainThread]: Executing "git --help"
[0m16:45:03.530107 [debug] [MainThread]: STDOUT: "b"usage: git [-v | --version] [-h | --help] [-C <path>] [-c <name>=<value>]\n           [--exec-path[=<path>]] [--html-path] [--man-path] [--info-path]\n           [-p | --paginate | -P | --no-pager] [--no-replace-objects] [--no-lazy-fetch]\n           [--no-optional-locks] [--no-advice] [--bare] [--git-dir=<path>]\n           [--work-tree=<path>] [--namespace=<name>] [--config-env=<name>=<envvar>]\n           <command> [<args>]\n\nThese are common Git commands used in various situations:\n\nstart a working area (see also: git help tutorial)\n   clone      Clone a repository into a new directory\n   init       Create an empty Git repository or reinitialize an existing one\n\nwork on the current change (see also: git help everyday)\n   add        Add file contents to the index\n   mv         Move or rename a file, a directory, or a symlink\n   restore    Restore working tree files\n   rm         Remove files from the working tree and from the index\n\nexamine the history and state (see also: git help revisions)\n   bisect     Use binary search to find the commit that introduced a bug\n   diff       Show changes between commits, commit and working tree, etc\n   grep       Print lines matching a pattern\n   log        Show commit logs\n   show       Show various types of objects\n   status     Show the working tree status\n\ngrow, mark and tweak your common history\n   backfill   Download missing objects in a partial clone\n   branch     List, create, or delete branches\n   commit     Record changes to the repository\n   merge      Join two or more development histories together\n   rebase     Reapply commits on top of another base tip\n   reset      Reset current HEAD to the specified state\n   switch     Switch branches\n   tag        Create, list, delete or verify a tag object signed with GPG\n\ncollaborate (see also: git help workflows)\n   fetch      Download objects and refs from another repository\n   pull       Fetch from and integrate with another repository or a local branch\n   push       Update remote refs along with associated objects\n\n'git help -a' and 'git help -g' list available subcommands and some\nconcept guides. See 'git help <command>' or 'git help <concept>'\nto read about a specific subcommand or concept.\nSee 'git help git' for an overview of the system.\n""
[0m16:45:03.530984 [debug] [MainThread]: STDERR: "b''"
[0m16:45:03.531509 [info ] [MainThread]:  - git [[32mOK found[0m]

[0m16:45:03.532050 [info ] [MainThread]: Connection:
[0m16:45:03.532574 [info ] [MainThread]:   database: dev
[0m16:45:03.533016 [info ] [MainThread]:   schema: main
[0m16:45:03.533459 [info ] [MainThread]:   path: dev.duckdb
[0m16:45:03.533912 [info ] [MainThread]:   config_options: None
[0m16:45:03.534375 [info ] [MainThread]:   extensions: None
[0m16:45:03.534751 [info ] [MainThread]:   settings: {}
[0m16:45:03.535128 [info ] [MainThread]:   external_root: .
[0m16:45:03.535534 [info ] [MainThread]:   use_credential_provider: None
[0m16:45:03.535892 [info ] [MainThread]:   attach: None
[0m16:45:03.536235 [info ] [MainThread]:   filesystems: None
[0m16:45:03.536589 [info ] [MainThread]:   remote: None
[0m16:45:03.536994 [info ] [MainThread]:   plugins: None
[0m16:45:03.537395 [info ] [MainThread]:   disable_transactions: False
[0m16:45:03.538088 [info ] [MainThread]: Registered adapter: duckdb=1.11.0
[0m16:45:04.038107 [debug] [MainThread]: Acquiring new duckdb connection 'debug'
[0m16:45:06.300601 [debug] [MainThread]: Using duckdb connection "debug"
[0m16:45:06.300992 [debug] [MainThread]: On debug: select 1 as id
[0m16:45:06.301239 [debug] [MainThread]: Opening a new connection, currently in state init
[0m16:45:06.352733 [debug] [MainThread]: SQL status: OK in 0.051 seconds
[0m16:45:06.353902 [debug] [MainThread]: On debug: Close
[0m16:45:06.354886 [info ] [MainThread]:   Connection test: [[32mOK connection ok[0m]

[0m16:45:06.355423 [info ] [MainThread]: [32mAll checks passed![0m
[0m16:45:06.356092 [info ] [MainThread]: Your new dbt project "projet_alpha" was created!
Initialized new project in C:\Users\lolo2\datarcane\projet_alpha\projet_alpha

For more information on how to configure the profiles.yml file,
please consult the dbt documentation here:

  https://docs.getdbt.com/docs/configure-your-profile

One more thing:

Need help? Don't hesitate to reach out to us via GitHub issues or on Slack:

  https://community.getdbt.com/

Happy modeling!

[0m16:45:06.357148 [debug] [MainThread]: Command `dbt init` succeeded at 16:45:06.357037 after 11.28 seconds
[0m16:45:06.357452 [debug] [MainThread]: Connection 'debug' was properly closed.
[0m16:45:06.357742 [debug] [MainThread]: Sending event: {'category': 'dbt', 'action': 'invocation', 'label': 'end', 'context': [<snowplow_tracker.self_describing_json.SelfDescribingJson object at 0x000002A7D9335F30>, <snowplow_tracker.self_describing_json.SelfDescribingJson object at 0x000002A7D8EEED50>, <snowplow_tracker.self_describing_json.SelfDescribingJson object at 0x000002A7D937F8A0>]}
[0m16:45:06.358083 [debug] [MainThread]: Flushing usage events
[0m16:45:07.434285 [debug] [MainThread]: An error was encountered while trying to flush usage events
[0m16:45:47.507143 [debug] [MainThread]: Sending event: {'category': 'dbt', 'action': 'invocation', 'label': 'start', 'context': [<snowplow_tracker.self_describing_json.SelfDescribingJson object at 0x000001D925F52900>, <snowplow_tracker.self_describing_json.SelfDescribingJson object at 0x000001D92873FED0>, <snowplow_tracker.self_describing_json.SelfDescribingJson object at 0x000001D92873FB10>]}


============================== 16:45:47.511178 | 34530d3f-b9c3-46aa-ab20-feb4f722f8d3 ==============================
[0m16:45:47.511178 [info ] [MainThread]: Running with dbt=1.12.4
[0m16:45:47.511810 [debug] [MainThread]: running dbt with arguments {'maximum_seed_size_mib': '1', 'no_print': 'None', 'static_parser': 'True', 'warn_error_options': 'WarnErrorOptionsV2(error=[], warn=[], silence=[])', 'target_path': 'None', 'version_check': 'True', 'printer_width': '80', 'write_json': 'True', 'introspect': 'True', 'log_cache_events': 'False', 'empty': 'None', 'cache_selected_only': 'False', 'log_format': 'default', 'debug': 'False', 'fail_fast': 'False', 'profiles_dir': 'C:\\Users\\lolo2\\.dbt', 'send_anonymous_usage_stats': 'True', 'quiet': 'False', 'warn_error': 'None', 'partial_parse': 'True', 'use_colors': 'True', 'hints_enabled': 'True', 'invocation_command': 'dbt debug', 'use_experimental_parser': 'False', 'indirect_selection': 'eager', 'log_path': 'logs'}
[0m16:45:47.529394 [info ] [MainThread]: dbt version: 1.12.4
[0m16:45:47.529910 [info ] [MainThread]: python version: 3.13.1
[0m16:45:47.530337 [info ] [MainThread]: python path: C:\Users\lolo2\datarcane\venv\Scripts\python.exe
[0m16:45:47.531111 [info ] [MainThread]: os info: Windows-11-10.0.26200-SP0
[0m16:45:47.652186 [info ] [MainThread]: Using profiles dir at C:\Users\lolo2\.dbt
[0m16:45:47.652829 [info ] [MainThread]: Using profiles.yml file at C:\Users\lolo2\.dbt\profiles.yml
[0m16:45:47.653328 [info ] [MainThread]: Using dbt_project.yml file at C:\Users\lolo2\datarcane\dbt_project.yml
[0m16:45:47.653813 [error] [MainThread]: [[31mERROR[0m]: Encountered an error:
Internal Error
  Profile should not be None if loading profile completed
[0m16:45:47.654513 [debug] [MainThread]: Command `dbt debug` failed at 16:45:47.654409 after 0.32 seconds
[0m16:45:47.654831 [debug] [MainThread]: Sending event: {'category': 'dbt', 'action': 'invocation', 'label': 'end', 'context': [<snowplow_tracker.self_describing_json.SelfDescribingJson object at 0x000001D9289755B0>, <snowplow_tracker.self_describing_json.SelfDescribingJson object at 0x000001D928981250>, <snowplow_tracker.self_describing_json.SelfDescribingJson object at 0x000001D9288F3680>]}
[0m16:45:47.655197 [debug] [MainThread]: Flushing usage events
[0m16:45:48.660368 [debug] [MainThread]: An error was encountered while trying to flush usage events
